<!--According to https://getbootstrap.com/docs/5.0/getting-started/introduction/-->
<!doctype html>
<html lang="en">
<head>
    <!-- Required meta tags -->
    <meta charset="utf-8">
    <meta name="viewport" content="width=device-width, initial-scale=1">

    <!-- Bootstrap CSS -->
    <link href="https://cdn.jsdelivr.net/npm/bootstrap@5.0.0-beta2/dist/css/bootstrap.min.css" rel="stylesheet"
          integrity="sha384-BmbxuPwQa2lc/FVzBcNJ7UAyJxM6wuqIj61tLrc4wSX0szH/Ev+nYRRuWlolflfl" crossorigin="anonymous">

    <title>Цитаты Святых Отцов</title>
</head>
<body>

<div class="container">
    <h1>
        Цитаты и изречения Святых Отцов и учителей Церкви
    </h1>
    <hr/>
    
<p align="justify">
<b>Смирение</b></br>
Бог гордым противится, а смиренным дает благодать</br>
молитва - с вниманием, благоговением и покаянием</br>
при выборе пути жизненного стоит использовать смирение</br>
</p>
<p align="justify">
<b>Об осуждении</b></br>
Помышляющий сердцем о множестве своих грехов никогда не захочет из соблазна другого сделать предмет для своего разговора. Судить человека соблазнившегося есть знак гордости, а гордым Бог противится. Напротив, кто каждый час готовится дать ответ о своих грехах, нескоро поднимет голову, чтобы рассматривать чужие ошибки</br>
</p>
<p align="justify">
Самое первое, что надо делать в практической борьбе с грехом осуждения, — перестать рассказывать и слушать про чужие грехи. Это надо запретить себе делать категорически. И второе — не позволять даже мысленно осуждать другого человека, потому что все наши грехи начинаются в мыслях. Для этого лучше всего, едва приходит помысл осуждения, отсекать его молитвой Иисусовой, то есть, мысленно произнести: «Господи Иисусе Христе, Сыне Божий, помилуй мя, грешного».</br>
</p>

</div>

<!-- Optional JavaScript; choose one of the two! -->

<!-- Option 1: Bootstrap Bundle with Popper -->
<script src="https://cdn.jsdelivr.net/npm/bootstrap@5.0.0-beta2/dist/js/bootstrap.bundle.min.js"
        integrity="sha384-b5kHyXgcpbZJO/tY9Ul7kGkf1S0CWuKcCD38l8YkeH8z8QjE0GmW1gYU5S9FOnJ0"
        crossorigin="anonymous"></script>

<!-- Option 2: Separate Popper and Bootstrap JS -->
<!--
<script src="https://cdn.jsdelivr.net/npm/@popperjs/core@2.6.0/dist/umd/popper.min.js" integrity="sha384-KsvD1yqQ1/1+IA7gi3P0tyJcT3vR+NdBTt13hSJ2lnve8agRGXTTyNaBYmCR/Nwi" crossorigin="anonymous"></script>
<script src="https://cdn.jsdelivr.net/npm/bootstrap@5.0.0-beta2/dist/js/bootstrap.min.js" integrity="sha384-nsg8ua9HAw1y0W1btsyWgBklPnCUAFLuTMS2G72MMONqmOymq585AcH49TLBQObG" crossorigin="anonymous"></script>
-->
</body>
</html>
