
<p align="justify">
<b>Смирение</b></br>
Бог гордым противится, а смиренным дает благодать</br>
молитва - с вниманием, благоговением и покаянием</br>
при выборе пути жизненного стоит использовать смирение</br>
</p>
<p align="justify">
<b>Об осуждении</b></br>
Помышляющий сердцем о множестве своих грехов никогда не захочет из соблазна другого сделать предмет для своего разговора. Судить человека соблазнившегося есть знак гордости, а гордым Бог противится. Напротив, кто каждый час готовится дать ответ о своих грехах, нескоро поднимет голову, чтобы рассматривать чужие ошибки</br>
</p>
<p align="justify">
Самое первое, что надо делать в практической борьбе с грехом осуждения, — перестать рассказывать и слушать про чужие грехи. Это надо запретить себе делать категорически. И второе — не позволять даже мысленно осуждать другого человека, потому что все наши грехи начинаются в мыслях. Для этого лучше всего, едва приходит помысл осуждения, отсекать его молитвой Иисусовой, то есть, мысленно произнести: «Господи Иисусе Христе, Сыне Божий, помилуй мя, грешного».</br>
</p>
